Net: _00936_
  Pin:   _13575_/D (sg13g2_dfrbpq_1)
    Layer: Via1
      Partial area ratio:    0.33
      Required ratio:   20.00 (Gate area) 
      Cumulative area ratio:    0.33
      Required ratio:    0.00 (Cumulative area) 

    Layer: Metal2
      Partial area ratio:  201.11
      Required ratio:    0.00 (Gate area) 
      Cumulative area ratio:  201.11
      Required ratio:  200.00 (Cumulative area) (VIOLATED)
      Partial area ratio:  906.59
      Required ratio:    0.00 (Side area) 
      Cumulative area ratio:  906.59
      Required ratio:    0.00 (Cumulative side area) 

    Layer: Via2
      Partial area ratio:    0.33
      Required ratio:   20.00 (Gate area) 
      Cumulative area ratio:    0.66
      Required ratio:    0.00 (Cumulative area) 

    Layer: Metal3
      Partial area ratio:    6.71
      Required ratio:    0.00 (Gate area) 
      Cumulative area ratio:  207.82
      Required ratio:  200.00 (Cumulative area) (VIOLATED)
      Partial area ratio:   31.81
      Required ratio:    0.00 (Side area) 
      Cumulative area ratio:  938.41
      Required ratio:    0.00 (Cumulative side area) 

    Layer: Via3
      Partial area ratio:    0.33
      Required ratio:   20.00 (Gate area) 
      Cumulative area ratio:    0.99
      Required ratio:    0.00 (Cumulative area) 

    Layer: Metal4
      Partial area ratio:   37.45
      Required ratio:    0.00 (Gate area) 
      Cumulative area ratio:  245.27
      Required ratio: 20162.00 (Cumulative area) 
      Partial area ratio:  170.19
      Required ratio:    0.00 (Side area) 
      Cumulative area ratio: 1108.60
      Required ratio:    0.00 (Cumulative side area) 


Net: ui_in[5]
  Pin:   _13030_/D (sg13g2_dfrbpq_1)
    Layer: Via1
      Partial area ratio:    0.33
      Required ratio:   20.00 (Gate area) 
      Cumulative area ratio:    0.33
      Required ratio:    0.00 (Cumulative area) 

    Layer: Metal2
      Partial area ratio:   12.87
      Required ratio:    0.00 (Gate area) 
      Cumulative area ratio:   12.87
      Required ratio:  200.00 (Cumulative area) 
      Partial area ratio:   59.51
      Required ratio:    0.00 (Side area) 
      Cumulative area ratio:   59.51
      Required ratio:    0.00 (Cumulative side area) 

    Layer: Via2
      Partial area ratio:    0.33
      Required ratio:   20.00 (Gate area) 
      Cumulative area ratio:    0.66
      Required ratio:    0.00 (Cumulative area) 

    Layer: Metal3
      Partial area ratio:  341.66
      Required ratio:    0.00 (Gate area) 
      Cumulative area ratio:  354.52
      Required ratio:  200.00 (Cumulative area) (VIOLATED)
      Partial area ratio: 1539.07
      Required ratio:    0.00 (Side area) 
      Cumulative area ratio: 1598.57
      Required ratio:    0.00 (Cumulative side area) 

    Layer: Via3
      Partial area ratio:    0.33
      Required ratio:   20.00 (Gate area) 
      Cumulative area ratio:    0.99
      Required ratio:    0.00 (Cumulative area) 

    Layer: Metal4
      Partial area ratio:    4.11
      Required ratio:    0.00 (Gate area) 
      Cumulative area ratio:  358.63
      Required ratio:  200.00 (Cumulative area) (VIOLATED)
      Partial area ratio:   20.15
      Required ratio:    0.00 (Side area) 
      Cumulative area ratio: 1618.72
      Required ratio:    0.00 (Cumulative side area) 


Net: ui_in[6]
  Pin:   _13031_/D (sg13g2_dfrbpq_1)
    Layer: Via1
      Partial area ratio:    0.33
      Required ratio:   20.00 (Gate area) 
      Cumulative area ratio:    0.33
      Required ratio:    0.00 (Cumulative area) 

    Layer: Metal2
      Partial area ratio:    9.02
      Required ratio:    0.00 (Gate area) 
      Cumulative area ratio:    9.02
      Required ratio:  200.00 (Cumulative area) 
      Partial area ratio:   42.20
      Required ratio:    0.00 (Side area) 
      Cumulative area ratio:   42.20
      Required ratio:    0.00 (Cumulative side area) 

    Layer: Via2
      Partial area ratio:    0.33
      Required ratio:   20.00 (Gate area) 
      Cumulative area ratio:    0.66
      Required ratio:    0.00 (Cumulative area) 

    Layer: Metal3
      Partial area ratio:  281.00
      Required ratio:    0.00 (Gate area) 
      Cumulative area ratio:  290.02
      Required ratio:  200.00 (Cumulative area) (VIOLATED)
      Partial area ratio: 1266.10
      Required ratio:    0.00 (Side area) 
      Cumulative area ratio: 1308.30
      Required ratio:    0.00 (Cumulative side area) 

    Layer: Via3
      Partial area ratio:    0.33
      Required ratio:   20.00 (Gate area) 
      Cumulative area ratio:    0.99
      Required ratio:    0.00 (Cumulative area) 

    Layer: Metal4
      Partial area ratio:    7.63
      Required ratio:    0.00 (Gate area) 
      Cumulative area ratio:  297.64
      Required ratio:  200.00 (Cumulative area) (VIOLATED)
      Partial area ratio:   35.98
      Required ratio:    0.00 (Side area) 
      Cumulative area ratio: 1344.27
      Required ratio:    0.00 (Cumulative side area) 


