Startpoint: rst_n (input port clocked by clk)
Endpoint: _13016_ (recovery check against rising-edge clock clk)
Path Group: asynchronous
Path Type: max
Corner: fast

Fanout      Cap     Slew    Delay     Time   Description
---------------------------------------------------------------------------------
                            0.000    0.000   clock clk (rise edge)
                            0.000    0.000   clock network delay (propagated)
                            4.000    4.000 ^ input external delay
     2    0.015    0.021    0.009    4.009 ^ rst_n (in)
                   0.021    0.000    4.009 ^ _13016_/RESET_B (sg13g2_dfrbpq_1)
                                     4.009   data arrival time

                           20.000   20.000   clock clk (rise edge)
                            0.282   20.282   clock network delay (propagated)
                           -0.250   20.032   clock uncertainty
                            0.000   20.032   clock reconvergence pessimism
                                    20.032 ^ _13016_/CLK (sg13g2_dfrbpq_1)
                           -0.081   19.951   library recovery time
                                    19.951   data required time
---------------------------------------------------------------------------------
                                    19.951   data required time
                                    -4.009   data arrival time
---------------------------------------------------------------------------------
                                    15.942   slack (MET)


Startpoint: _12982_ (rising edge-triggered flip-flop clocked by clk)
Endpoint: _12740_ (rising edge-triggered flip-flop clocked by clk)
Path Group: clk
Path Type: max
Corner: fast

Fanout      Cap     Slew    Delay     Time   Description
---------------------------------------------------------------------------------
                            0.000    0.000   clock clk (rise edge)
                            0.326    0.326   clock network delay (propagated)
                   0.024    0.000    0.326 ^ _12982_/CLK (sg13g2_dfrbpq_1)
     8    0.043    0.116    0.192    0.518 ^ _12982_/Q (sg13g2_dfrbpq_1)
     6    0.030    0.083    0.130    0.647 ^ place3275/X (sg13g2_buf_1)
     8    0.048    0.136    0.151    0.798 ^ _06559_/Y (sg13g2_nand2b_1)
     8    0.056    0.140    0.167    0.965 v _06570_/Y (sg13g2_nor3_1)
     8    0.072    0.157    0.195    1.160 v place2852/X (sg13g2_buf_1)
     1    0.022    0.158    0.184    1.344 ^ _06611_/Y (sg13g2_a22oi_1)
     1    0.012    0.125    0.163    1.507 v _06613_/Y (sg13g2_nand4_1)
     1    0.017    0.218    0.232    1.738 ^ _06628_/Y (sg13g2_nor4_1)
     4    0.045    0.212    0.247    1.986 v _06630_/Y (sg13g2_nand2_1)
     2    0.008    0.083    0.109    2.095 ^ _06631_/Y (sg13g2_nor2_1)
     5    0.025    0.067    0.088    2.183 v _06632_/Y (sg13g2_inv_1)
     6    0.026    0.149    0.147    2.329 ^ _06680_/Y (sg13g2_nor2_1)
     2    0.038    0.102    0.149    2.478 ^ _06681_/X (sg13g2_or2_1)
     8    0.043    0.115    0.147    2.626 ^ place2433/X (sg13g2_buf_1)
     2    0.012    0.102    0.096    2.722 ^ _06765_/Y (sg13g2_nand3b_1)
     2    0.013    0.074    0.090    2.812 v _06767_/Y (sg13g2_o21ai_1)
     1    0.007    0.080    0.097    2.908 ^ _06794_/Y (sg13g2_nor3_1)
     2    0.016    0.197    0.168    3.076 v _06795_/Y (sg13g2_nand4_1)
     3    0.038    0.235    0.236    3.312 ^ _06799_/Y (sg13g2_a21oi_1)
     7    0.067    0.178    0.216    3.528 ^ place2397/X (sg13g2_buf_1)
     2    0.010    0.067    0.101    3.628 v _07531_/Y (sg13g2_nand2_1)
     2    0.016    0.207    0.208    3.836 ^ _07674_/Y (sg13g2_nor4_1)
     7    0.056    0.248    0.256    4.092 v _07759_/Y (sg13g2_o21ai_1)
     5    0.028    0.082    0.203    4.294 ^ _07762_/X (sg13g2_mux2_1)
     7    0.058    0.154    0.167    4.461 ^ place2312/X (sg13g2_buf_1)
     2    0.009    0.038    0.157    4.618 v _07993_/X (sg13g2_mux2_1)
     2    0.010    0.039    0.138    4.756 v _08061_/X (sg13g2_mux4_1)
     1    0.012    0.138    0.111    4.866 ^ _08063_/Y (sg13g2_nor3_1)
     7    0.066    0.176    0.193    5.059 ^ place2276/X (sg13g2_buf_1)
     4    0.033    0.135    0.155    5.213 v _08072_/Y (sg13g2_nor2_1)
     4    0.018    0.062    0.195    5.408 v _08090_/X (sg13g2_mux4_1)
     1    0.005    0.028    0.094    5.502 v _08123_/X (sg13g2_mux2_1)
     1    0.004    0.031    0.125    5.627 v _08124_/X (sg13g2_mux4_1)
     2    0.024    0.057    0.090    5.717 v _08125_/X (sg13g2_and2_1)
     5    0.060    0.392    0.334    6.051 ^ _08127_/Y (sg13g2_o21ai_1)
     4    0.021    0.074    0.251    6.302 ^ _08457_/X (sg13g2_mux4_1)
     1    0.005    0.034    0.038    6.340 v _08576_/Y (sg13g2_nor2_1)
     3    0.029    0.203    0.181    6.520 ^ _08577_/Y (sg13g2_o21ai_1)
     2    0.014    0.051    0.139    6.659 ^ _08582_/X (sg13g2_mux2_1)
     3    0.019    0.112    0.115    6.774 v _08601_/Y (sg13g2_a221oi_1)
     2    0.011    0.098    0.123    6.897 ^ _08607_/Y (sg13g2_o21ai_1)
     1    0.005    0.026    0.100    6.996 ^ _08613_/X (sg13g2_a21o_1)
     8    0.051    0.213    0.184    7.180 v _08614_/Y (sg13g2_a21oi_1)
     1    0.003    0.033    0.134    7.314 v _08615_/X (sg13g2_mux2_1)
                   0.033    0.000    7.314 v _12740_/D (sg13g2_dfrbpq_1)
                                     7.314   data arrival time

                           20.000   20.000   clock clk (rise edge)
                            0.282   20.282   clock network delay (propagated)
                           -0.250   20.032   clock uncertainty
                            0.012   20.044   clock reconvergence pessimism
                                    20.044 ^ _12740_/CLK (sg13g2_dfrbpq_1)
                           -0.072   19.972   library setup time
                                    19.972   data required time
---------------------------------------------------------------------------------
                                    19.972   data required time
                                    -7.314   data arrival time
---------------------------------------------------------------------------------
                                    12.658   slack (MET)


