Startpoint: _13016_ (rising edge-triggered flip-flop clocked by clk)
Endpoint: _13102_ (removal check against rising-edge clock clk)
Path Group: asynchronous
Path Type: min
Corner: typ

Fanout      Cap     Slew    Delay     Time   Description
---------------------------------------------------------------------------------
                            0.000    0.000   clock clk (rise edge)
                            0.420    0.420   clock network delay (propagated)
                   0.029    0.000    0.420 ^ _13016_/CLK (sg13g2_dfrbpq_1)
     4    0.021    0.091    0.207    0.628 ^ _13016_/Q (sg13g2_dfrbpq_1)
     5    0.064    0.267    0.240    0.868 ^ place3224/X (sg13g2_buf_1)
                   0.268    0.016    0.883 ^ _13102_/RESET_B (sg13g2_dfrbpq_1)
                                     0.883   data arrival time

                            0.000    0.000   clock clk (rise edge)
                            0.488    0.488   clock network delay (propagated)
                            0.250    0.738   clock uncertainty
                           -0.017    0.720   clock reconvergence pessimism
                                     0.720 ^ _13102_/CLK (sg13g2_dfrbpq_1)
                           -0.173    0.548   library removal time
                                     0.548   data required time
---------------------------------------------------------------------------------
                                     0.548   data required time
                                    -0.883   data arrival time
---------------------------------------------------------------------------------
                                     0.336   slack (MET)


Startpoint: _13551_ (rising edge-triggered flip-flop clocked by clk)
Endpoint: _13223_ (rising edge-triggered flip-flop clocked by clk)
Path Group: clk
Path Type: min
Corner: typ

Fanout      Cap     Slew    Delay     Time   Description
---------------------------------------------------------------------------------
                            0.000    0.000   clock clk (rise edge)
                            0.404    0.404   clock network delay (propagated)
                   0.032    0.000    0.404 ^ _13551_/CLK (sg13g2_dfrbpq_1)
     7    0.086    0.270    0.329    0.733 v _13551_/Q (sg13g2_dfrbpq_1)
     1    0.002    0.026    0.179    0.912 v _11318_/X (sg13g2_mux2_1)
                   0.026    0.000    0.912 v _13223_/D (sg13g2_dfrbpq_1)
                                     0.912   data arrival time

                            0.000    0.000   clock clk (rise edge)
                            0.471    0.471   clock network delay (propagated)
                            0.250    0.721   clock uncertainty
                           -0.035    0.686   clock reconvergence pessimism
                                     0.686 ^ _13223_/CLK (sg13g2_dfrbpq_1)
                           -0.034    0.653   library hold time
                                     0.653   data required time
---------------------------------------------------------------------------------
                                     0.653   data required time
                                    -0.912   data arrival time
---------------------------------------------------------------------------------
                                     0.259   slack (MET)


