Startpoint: _14169_ (rising edge-triggered flip-flop clocked by clk)
Endpoint: _14150_ (removal check against rising-edge clock clk)
Path Group: asynchronous
Path Type: min
Corner: fast

Fanout      Cap     Slew    Delay     Time   Description
---------------------------------------------------------------------------------
                            0.000    0.000   clock clk (rise edge)
                            0.283    0.283   clock network delay (propagated)
                   0.022    0.000    0.283 ^ _14169_/CLK (sg13g2_dfrbpq_1)
     2    0.009    0.029    0.115    0.398 ^ _14169_/Q (sg13g2_dfrbpq_1)
     3    0.028    0.081    0.287    0.685 ^ hold4723/X (sg13g2_dlygate4sd3_1)
                   0.081    0.002    0.687 ^ _14150_/RESET_B (sg13g2_dfrbpq_1)
                                     0.687   data arrival time

                            0.000    0.000   clock clk (rise edge)
                            0.321    0.321   clock network delay (propagated)
                            0.250    0.571   clock uncertainty
                           -0.033    0.538   clock reconvergence pessimism
                                     0.538 ^ _14150_/CLK (sg13g2_dfrbpq_1)
                           -0.080    0.458   library removal time
                                     0.458   data required time
---------------------------------------------------------------------------------
                                     0.458   data required time
                                    -0.687   data arrival time
---------------------------------------------------------------------------------
                                     0.230   slack (MET)


Startpoint: _14664_ (rising edge-triggered flip-flop clocked by clk)
Endpoint: _14131_ (rising edge-triggered flip-flop clocked by clk)
Path Group: clk
Path Type: min
Corner: fast

Fanout      Cap     Slew    Delay     Time   Description
---------------------------------------------------------------------------------
                            0.000    0.000   clock clk (rise edge)
                            0.280    0.280   clock network delay (propagated)
                   0.022    0.000    0.280 ^ _14664_/CLK (sg13g2_dfrbpq_1)
     3    0.014    0.041    0.124    0.404 ^ _14664_/Q (sg13g2_dfrbpq_1)
     1    0.017    0.046    0.087    0.490 v _08229_/Y (sg13g2_a221oi_1)
     1    0.003    0.021    0.038    0.528 ^ _08230_/Y (sg13g2_nand4_1)
     1    0.016    0.039    0.039    0.567 v _08231_/Y (sg13g2_nor2_1)
     1    0.013    0.063    0.059    0.626 ^ _08232_/Y (sg13g2_a21oi_1)
                   0.063    0.001    0.627 ^ _14131_/D (sg13g2_dfrbpq_1)
                                     0.627   data arrival time

                            0.000    0.000   clock clk (rise edge)
                            0.317    0.317   clock network delay (propagated)
                            0.250    0.567   clock uncertainty
                           -0.010    0.556   clock reconvergence pessimism
                                     0.556 ^ _14131_/CLK (sg13g2_dfrbpq_1)
                           -0.050    0.506   library hold time
                                     0.506   data required time
---------------------------------------------------------------------------------
                                     0.506   data required time
                                    -0.627   data arrival time
---------------------------------------------------------------------------------
                                     0.121   slack (MET)


