Startpoint: _13016_ (rising edge-triggered flip-flop clocked by clk)
Endpoint: _13102_ (removal check against rising-edge clock clk)
Path Group: asynchronous
Path Type: min
Corner: slow

Fanout      Cap     Slew    Delay     Time   Description
---------------------------------------------------------------------------------
                            0.000    0.000   clock clk (rise edge)
                            0.654    0.654   clock network delay (propagated)
                   0.045    0.000    0.654 ^ _13016_/CLK (sg13g2_dfrbpq_1)
     4    0.021    0.142    0.329    0.983 ^ _13016_/Q (sg13g2_dfrbpq_1)
     5    0.064    0.412    0.385    1.367 ^ place3224/X (sg13g2_buf_1)
                   0.413    0.016    1.383 ^ _13102_/RESET_B (sg13g2_dfrbpq_1)
                                     1.383   data arrival time

                            0.000    0.000   clock clk (rise edge)
                            0.759    0.759   clock network delay (propagated)
                            0.250    1.009   clock uncertainty
                           -0.026    0.983   clock reconvergence pessimism
                                     0.983 ^ _13102_/CLK (sg13g2_dfrbpq_1)
                           -0.313    0.670   library removal time
                                     0.670   data required time
---------------------------------------------------------------------------------
                                     0.670   data required time
                                    -1.383   data arrival time
---------------------------------------------------------------------------------
                                     0.713   slack (MET)


Startpoint: _13044_ (rising edge-triggered flip-flop clocked by clk)
Endpoint: _13036_ (rising edge-triggered flip-flop clocked by clk)
Path Group: clk
Path Type: min
Corner: slow

Fanout      Cap     Slew    Delay     Time   Description
---------------------------------------------------------------------------------
                            0.000    0.000   clock clk (rise edge)
                            0.656    0.656   clock network delay (propagated)
                   0.045    0.000    0.656 ^ _13044_/CLK (sg13g2_dfrbpq_1)
     1    0.004    0.038    0.256    0.912 v _13044_/Q (sg13g2_dfrbpq_1)
     1    0.005    0.068    0.574    1.486 v hold3310/X (sg13g2_dlygate4sd3_1)
                   0.068    0.000    1.486 v _13036_/D (sg13g2_dfrbpq_1)
                                     1.486   data arrival time

                            0.000    0.000   clock clk (rise edge)
                            0.768    0.768   clock network delay (propagated)
                            0.250    1.018   clock uncertainty
                           -0.056    0.961   clock reconvergence pessimism
                                     0.961 ^ _13036_/CLK (sg13g2_dfrbpq_1)
                           -0.059    0.902   library hold time
                                     0.902   data required time
---------------------------------------------------------------------------------
                                     0.902   data required time
                                    -1.486   data arrival time
---------------------------------------------------------------------------------
                                     0.584   slack (MET)


