Startpoint: _12554_ (rising edge-triggered flip-flop clocked by clk)
Endpoint: _12556_ (rising edge-triggered flip-flop clocked by clk)
Path Group: clk
Path Type: max

Fanout         Cap        Slew       Delay        Time   Description
---------------------------------------------------------------------------------------------
                                  0.000000    0.000000   clock clk (rise edge)
                                  0.000000    0.000000   clock source latency
     2    0.100497    0.070391    0.068661    0.068661 ^ clk (in)
                                                         clk (net)
                      0.087181    0.000000    0.068661 ^ clkbuf_0_clk/A (sg13cmos5l_buf_8)
     8    0.198040    0.071436    0.109199    0.177860 ^ clkbuf_0_clk/X (sg13cmos5l_buf_8)
                                                         clknet_0_clk (net)
                      0.079444    0.018995    0.196855 ^ clkbuf_3_3_0_clk/A (sg13cmos5l_buf_8)
     4    0.108060    0.045336    0.089415    0.286270 ^ clkbuf_3_3_0_clk/X (sg13cmos5l_buf_8)
                                                         clknet_3_3_0_clk (net)
                      0.053974    0.015867    0.302138 ^ clkbuf_5_14__f_clk/A (sg13cmos5l_buf_8)
     5    0.112358    0.046317    0.082794    0.384931 ^ clkbuf_5_14__f_clk/X (sg13cmos5l_buf_8)
                                                         clknet_5_14__leaf_clk (net)
                      0.048477    0.008226    0.393157 ^ clkbuf_leaf_49_clk/A (sg13cmos5l_buf_8)
    11    0.072599    0.033130    0.071399    0.464556 ^ clkbuf_leaf_49_clk/X (sg13cmos5l_buf_8)
                                                         clknet_leaf_49_clk (net)
                      0.034099    0.004603    0.469159 ^ _12554_/CLK (sg13cmos5l_dfrbpq_2)
     2    0.055791    0.064919    0.174081    0.643240 v _12554_/Q (sg13cmos5l_dfrbpq_2)
                                                         u_core.instr[11] (net)
                      0.065187    0.003206    0.646446 v fanout1401/A (sg13cmos5l_buf_4)
     4    0.072817    0.051232    0.090771    0.737217 v fanout1401/X (sg13cmos5l_buf_4)
                                                         net1401 (net)
                      0.058450    0.015355    0.752573 v fanout1399/A (sg13cmos5l_buf_2)
     5    0.060027    0.069951    0.109337    0.861909 v fanout1399/X (sg13cmos5l_buf_2)
                                                         net1399 (net)
                      0.070095    0.002842    0.864751 v fanout1398/A (sg13cmos5l_buf_4)
     8    0.067610    0.048658    0.092226    0.956977 v fanout1398/X (sg13cmos5l_buf_4)
                                                         net1398 (net)
                      0.049165    0.004396    0.961373 v fanout1397/A (sg13cmos5l_buf_2)
     8    0.068414    0.078525    0.111855    1.073228 v fanout1397/X (sg13cmos5l_buf_2)
                                                         net1397 (net)
                      0.079841    0.008554    1.081783 v _06261_/A (sg13cmos5l_inv_4)
     3    0.046444    0.049569    0.047847    1.129629 ^ _06261_/Y (sg13cmos5l_inv_4)
                                                         _01661_ (net)
                      0.050474    0.005721    1.135350 ^ fanout782/A (sg13cmos5l_buf_4)
     8    0.077728    0.064090    0.096033    1.231383 ^ fanout782/X (sg13cmos5l_buf_4)
                                                         net782 (net)
                      0.078929    0.024825    1.256208 ^ fanout781/A (sg13cmos5l_buf_4)
     8    0.061894    0.052837    0.113035    1.369243 ^ fanout781/X (sg13cmos5l_buf_4)
                                                         net781 (net)
                      0.052887    0.001448    1.370691 ^ _06838_/A1 (sg13cmos5l_a22oi_1)
     1    0.017060    0.126451    0.099313    1.470004 v _06838_/Y (sg13cmos5l_a22oi_1)
                                                         _02196_ (net)
                      0.126503    0.001308    1.471312 v fanout671/A (sg13cmos5l_buf_8)
     7    0.091087    0.036988    0.097185    1.568497 v fanout671/X (sg13cmos5l_buf_8)
                                                         net671 (net)
                      0.058613    0.023649    1.592145 v _06850_/B (sg13cmos5l_or2_1)
     3    0.012679    0.038246    0.098020    1.690166 v _06850_/X (sg13cmos5l_or2_1)
                                                         _02208_ (net)
                      0.038249    0.000363    1.690529 v _06853_/B1 (sg13cmos5l_a221oi_1)
     2    0.012440    0.142613    0.139373    1.829902 ^ _06853_/Y (sg13cmos5l_a221oi_1)
                                                         _02211_ (net)
                      0.142620    0.001113    1.831015 ^ _06854_/C (sg13cmos5l_or3_2)
     5    0.030375    0.050560    0.128291    1.959306 ^ _06854_/X (sg13cmos5l_or3_2)
                                                         _02212_ (net)
                      0.050624    0.001688    1.960994 ^ rebuffer1511/A (sg13cmos5l_buf_2)
     2    0.010235    0.022656    0.064424    2.025418 ^ rebuffer1511/X (sg13cmos5l_buf_2)
                                                         net1511 (net)
                      0.022666    0.000589    2.026007 ^ _06871_/A (sg13cmos5l_nand3_1)
     3    0.013291    0.100049    0.089241    2.115247 v _06871_/Y (sg13cmos5l_nand3_1)
                                                         _02229_ (net)
                      0.100056    0.000732    2.115980 v _06872_/A2 (sg13cmos5l_o21ai_1)
     1    0.005135    0.076072    0.090158    2.206138 ^ _06872_/Y (sg13cmos5l_o21ai_1)
                                                         _02230_ (net)
                      0.076072    0.000409    2.206547 ^ _06878_/A2 (sg13cmos5l_o21ai_1)
     2    0.011420    0.065748    0.077443    2.283990 v _06878_/Y (sg13cmos5l_o21ai_1)
                                                         _02236_ (net)
                      0.065788    0.000804    2.284794 v _06889_/B1 (sg13cmos5l_a221oi_1)
     1    0.032258    0.291896    0.265018    2.549812 ^ _06889_/Y (sg13cmos5l_a221oi_1)
                                                         _02247_ (net)
                      0.291968    0.003905    2.553717 ^ wire263/A (sg13cmos5l_buf_8)
     2    0.050243    0.035022    0.125608    2.679326 ^ wire263/X (sg13cmos5l_buf_8)
                                                         net263 (net)
                      0.036761    0.006890    2.686216 ^ rebuffer1512/A (sg13cmos5l_buf_2)
     3    0.031619    0.048885    0.079773    2.765990 ^ rebuffer1512/X (sg13cmos5l_buf_2)
                                                         net1512 (net)
                      0.049273    0.003694    2.769683 ^ _06896_/B (sg13cmos5l_or3_1)
     4    0.026296    0.073180    0.108764    2.878447 ^ _06896_/X (sg13cmos5l_or3_1)
                                                         _02254_ (net)
                      0.073259    0.001591    2.880038 ^ fanout256/A (sg13cmos5l_buf_4)
     8    0.059605    0.050776    0.109854    2.989892 ^ fanout256/X (sg13cmos5l_buf_4)
                                                         net256 (net)
                      0.050849    0.001688    2.991580 ^ _06921_/A1 (sg13cmos5l_a21o_1)
     1    0.005715    0.027515    0.083115    3.074695 ^ _06921_/X (sg13cmos5l_a21o_1)
                                                         _02279_ (net)
                      0.027518    0.000582    3.075276 ^ fanout216/A (sg13cmos5l_buf_2)
     4    0.052322    0.073682    0.096334    3.171610 ^ fanout216/X (sg13cmos5l_buf_2)
                                                         net216 (net)
                      0.074093    0.004662    3.176272 ^ fanout215/A (sg13cmos5l_buf_8)
     8    0.093006    0.040600    0.082810    3.259082 ^ fanout215/X (sg13cmos5l_buf_8)
                                                         net215 (net)
                      0.040606    0.000450    3.259533 ^ fanout214/A (sg13cmos5l_buf_4)
     8    0.109708    0.079127    0.117723    3.377256 ^ fanout214/X (sg13cmos5l_buf_4)
                                                         net214 (net)
                      0.081849    0.012089    3.389345 ^ _07242_/S0 (sg13cmos5l_mux4_1)
     4    0.022277    0.069956    0.212212    3.601556 v _07242_/X (sg13cmos5l_mux4_1)
                                                         _02600_ (net)
                      0.069991    0.001471    3.603028 v _07260_/A1 (sg13cmos5l_mux2_1)
     1    0.004271    0.026739    0.093610    3.696638 v _07260_/X (sg13cmos5l_mux2_1)
                                                         _02618_ (net)
                      0.026739    0.000175    3.696813 v _07317_/A2 (sg13cmos5l_a21oi_1)
     1    0.004724    0.071836    0.056181    3.752994 ^ _07317_/Y (sg13cmos5l_a21oi_1)
                                                         _02675_ (net)
                      0.071837    0.000365    3.753360 ^ _07319_/B1 (sg13cmos5l_a221oi_1)
     3    0.022316    0.141387    0.127323    3.880683 v _07319_/Y (sg13cmos5l_a221oi_1)
                                                         _02677_ (net)
                      0.141434    0.002220    3.882903 v _07327_/A (sg13cmos5l_nor3_2)
     1    0.030088    0.145272    0.161942    4.044846 ^ _07327_/Y (sg13cmos5l_nor3_2)
                                                         _02685_ (net)
                      0.145350    0.002889    4.047734 ^ _07329_/B (sg13cmos5l_xnor2_1)
     1    0.012591    0.071994    0.103156    4.150890 v _07329_/Y (sg13cmos5l_xnor2_1)
                                                         _02687_ (net)
                      0.072010    0.001088    4.151978 v _07333_/B1 (sg13cmos5l_a22oi_1)
     1    0.005246    0.062632    0.076275    4.228253 ^ _07333_/Y (sg13cmos5l_a22oi_1)
                                                         _02691_ (net)
                      0.062632    0.000224    4.228477 ^ _07334_/B (sg13cmos5l_and2_1)
     1    0.005808    0.025666    0.075755    4.304231 ^ _07334_/X (sg13cmos5l_and2_1)
                                                         _02692_ (net)
                      0.025668    0.000405    4.304636 ^ _07335_/A (sg13cmos5l_nand3_1)
     1    0.036389    0.221694    0.189856    4.494492 v _07335_/Y (sg13cmos5l_nand3_1)
                                                         _02693_ (net)
                      0.221879    0.005580    4.500072 v _07336_/B (sg13cmos5l_xnor2_1)
     1    0.005013    0.075205    0.111110    4.611181 v _07336_/Y (sg13cmos5l_xnor2_1)
                                                         _02694_ (net)
                      0.075205    0.000378    4.611560 v _07386_/A2 (sg13cmos5l_o21ai_1)
     2    0.025106    0.180589    0.182451    4.794011 ^ _07386_/Y (sg13cmos5l_o21ai_1)
                                                         _02744_ (net)
                      0.180657    0.002978    4.796989 ^ fanout132/A (sg13cmos5l_buf_8)
     8    0.047968    0.030482    0.105701    4.902690 ^ fanout132/X (sg13cmos5l_buf_8)
                                                         net132 (net)
                      0.032003    0.005802    4.908492 ^ _07400_/B1 (sg13cmos5l_a21o_1)
     1    0.004482    0.022820    0.051314    4.959806 ^ _07400_/X (sg13cmos5l_a21o_1)
                                                         _02758_ (net)
                      0.022825    0.000357    4.960164 ^ _07488_/B2 (sg13cmos5l_a22oi_1)
     2    0.025583    0.130277    0.102904    5.063068 v _07488_/Y (sg13cmos5l_a22oi_1)
                                                         _02846_ (net)
                      0.130382    0.003131    5.066199 v _07490_/A2 (sg13cmos5l_o21ai_1)
     1    0.021787    0.172110    0.189973    5.256173 ^ _07490_/Y (sg13cmos5l_o21ai_1)
                                                         u_host.g_rd[0].g_l1[0].u_m.s[0] (net)
                      0.172142    0.002044    5.258217 ^ fanout131/A (sg13cmos5l_buf_8)
     6    0.176660    0.070854    0.127914    5.386130 ^ fanout131/X (sg13cmos5l_buf_8)
                                                         net131 (net)
                      0.071088    0.003948    5.390078 ^ fanout108/A (sg13cmos5l_buf_1)
     4    0.037285    0.101661    0.124111    5.514189 ^ fanout108/X (sg13cmos5l_buf_1)
                                                         net108 (net)
                      0.101702    0.001789    5.515978 ^ fanout107/A (sg13cmos5l_buf_4)
     5    0.076332    0.064200    0.127542    5.643520 ^ fanout107/X (sg13cmos5l_buf_4)
                                                         net107 (net)
                      0.065977    0.008923    5.652443 ^ fanout105/A (sg13cmos5l_buf_2)
     4    0.049264    0.069848    0.110626    5.763069 ^ fanout105/X (sg13cmos5l_buf_2)
                                                         net105 (net)
                      0.069945    0.002232    5.765301 ^ fanout104/A (sg13cmos5l_buf_4)
     8    0.120925    0.086635    0.134679    5.899980 ^ fanout104/X (sg13cmos5l_buf_4)
                                                         net104 (net)
                      0.089546    0.013045    5.913025 ^ u_host.g_rd[13].g_l1[3].u_m.u_mux4/S0 (sg13cmos5l_mux4_1)
     1    0.011563    0.043846    0.189151    6.102176 v u_host.g_rd[13].g_l1[3].u_m.u_mux4/X (sg13cmos5l_mux4_1)
                                                         u_host.g_rd[13].g_l1[3].u_m.y (net)
                      0.043868    0.000954    6.103130 v u_host.g_rd[13].g_l2[0].u_m.u_mux4/A3 (sg13cmos5l_mux4_1)
     1    0.017168    0.065075    0.164672    6.267802 v u_host.g_rd[13].g_l2[0].u_m.u_mux4/X (sg13cmos5l_mux4_1)
                                                         u_host.g_rd[13].g_l2[0].u_m.y (net)
                      0.065100    0.001254    6.269056 v u_host.g_rd[13].u_l3.u_mux4/A0 (sg13cmos5l_mux4_1)
     2    0.034618    0.095909    0.196767    6.465823 v u_host.g_rd[13].u_l3.u_mux4/X (sg13cmos5l_mux4_1)
                                                         u_host.g_rd[13].u_l3.y (net)
                      0.096563    0.006358    6.472181 v _10924_/A0 (sg13cmos5l_mux2_1)
     1    0.002032    0.025494    0.097972    6.570153 v _10924_/X (sg13cmos5l_mux2_1)
                                                         _00777_ (net)
                      0.025495    0.000083    6.570237 v _12556_/D (sg13cmos5l_dfrbpq_1)
                                              6.570237   data arrival time

                                 20.000000   20.000000   clock clk (rise edge)
                                  0.000000   20.000000   clock source latency
     2    0.097584    0.068901    0.060272   20.060272 ^ clk (in)
                                                         clk (net)
                      0.084387    0.000000   20.060272 ^ clkbuf_0_clk/A (sg13cmos5l_buf_8)
     8    0.185503    0.072499    0.095353   20.155624 ^ clkbuf_0_clk/X (sg13cmos5l_buf_8)
                                                         clknet_0_clk (net)
                      0.079255    0.016039   20.171663 ^ clkbuf_3_3_0_clk/A (sg13cmos5l_buf_8)
     4    0.101792    0.043257    0.079771   20.251434 ^ clkbuf_3_3_0_clk/X (sg13cmos5l_buf_8)
                                                         clknet_3_3_0_clk (net)
                      0.045876    0.007496   20.258930 ^ clkbuf_5_13__f_clk/A (sg13cmos5l_buf_8)
     5    0.077083    0.034026    0.065853   20.324783 ^ clkbuf_5_13__f_clk/X (sg13cmos5l_buf_8)
                                                         clknet_5_13__leaf_clk (net)
                      0.034236    0.002000   20.326784 ^ clkbuf_leaf_23_clk/A (sg13cmos5l_buf_8)
    12    0.059572    0.028306    0.057069   20.383854 ^ clkbuf_leaf_23_clk/X (sg13cmos5l_buf_8)
                                                         clknet_leaf_23_clk (net)
                      0.028871    0.002903   20.386757 ^ _12556_/CLK (sg13cmos5l_dfrbpq_1)
                                 -0.250000   20.136757   clock uncertainty
                                  0.034835   20.171591   clock reconvergence pessimism
                                 -0.068391   20.103199   library setup time
                                             20.103199   data required time
---------------------------------------------------------------------------------------------
                                             20.103199   data required time
                                             -6.570237   data arrival time
---------------------------------------------------------------------------------------------
                                             13.532964   slack (MET)


