Startpoint: _12554_ (rising edge-triggered flip-flop clocked by clk)
Endpoint: _12545_ (rising edge-triggered flip-flop clocked by clk)
Path Group: clk
Path Type: max

Fanout         Cap        Slew       Delay        Time   Description
---------------------------------------------------------------------------------------------
                                  0.000000    0.000000   clock clk (rise edge)
                                  0.000000    0.000000   clock source latency
     2    0.099256    0.171782    0.145913    0.145913 ^ clk (in)
                                                         clk (net)
                      0.178831    0.000000    0.145913 ^ clkbuf_0_clk/A (sg13cmos5l_buf_8)
     8    0.186827    0.163749    0.277640    0.423553 ^ clkbuf_0_clk/X (sg13cmos5l_buf_8)
                                                         clknet_0_clk (net)
                      0.166741    0.018598    0.442152 ^ clkbuf_3_3_0_clk/A (sg13cmos5l_buf_8)
     4    0.102453    0.101373    0.224928    0.667080 ^ clkbuf_3_3_0_clk/X (sg13cmos5l_buf_8)
                                                         clknet_3_3_0_clk (net)
                      0.105048    0.015924    0.683004 ^ clkbuf_5_14__f_clk/A (sg13cmos5l_buf_8)
     5    0.105349    0.100767    0.200960    0.883963 ^ clkbuf_5_14__f_clk/X (sg13cmos5l_buf_8)
                                                         clknet_5_14__leaf_clk (net)
                      0.101616    0.007787    0.891750 ^ clkbuf_leaf_49_clk/A (sg13cmos5l_buf_8)
    11    0.067422    0.072012    0.176583    1.068333 ^ clkbuf_leaf_49_clk/X (sg13cmos5l_buf_8)
                                                         clknet_leaf_49_clk (net)
                      0.072454    0.004319    1.072652 ^ _12554_/CLK (sg13cmos5l_dfrbpq_2)
     2    0.054564    0.152182    0.421642    1.494293 v _12554_/Q (sg13cmos5l_dfrbpq_2)
                                                         u_core.instr[11] (net)
                      0.152243    0.003107    1.497400 v fanout1401/A (sg13cmos5l_buf_4)
     4    0.070725    0.115470    0.240557    1.737957 v fanout1401/X (sg13cmos5l_buf_4)
                                                         net1401 (net)
                      0.118461    0.015533    1.753490 v fanout1399/A (sg13cmos5l_buf_2)
     5    0.055674    0.155493    0.266062    2.019552 v fanout1399/X (sg13cmos5l_buf_2)
                                                         net1399 (net)
                      0.155549    0.002625    2.022177 v fanout1398/A (sg13cmos5l_buf_4)
     8    0.061897    0.103292    0.234341    2.256518 v fanout1398/X (sg13cmos5l_buf_4)
                                                         net1398 (net)
                      0.103553    0.004060    2.260578 v fanout1397/A (sg13cmos5l_buf_2)
     8    0.061065    0.168788    0.269320    2.529898 v fanout1397/X (sg13cmos5l_buf_2)
                                                         net1397 (net)
                      0.169252    0.007660    2.537559 v _06261_/A (sg13cmos5l_inv_4)
     3    0.045042    0.107884    0.129450    2.667009 ^ _06261_/Y (sg13cmos5l_inv_4)
                                                         _01661_ (net)
                      0.108257    0.005587    2.672596 ^ fanout782/A (sg13cmos5l_buf_4)
     8    0.074327    0.142518    0.251095    2.923691 ^ fanout782/X (sg13cmos5l_buf_4)
                                                         net782 (net)
                      0.148887    0.024800    2.948491 ^ fanout781/A (sg13cmos5l_buf_4)
     8    0.057697    0.114432    0.263227    3.211719 ^ fanout781/X (sg13cmos5l_buf_4)
                                                         net781 (net)
                      0.114442    0.001349    3.213068 ^ _06838_/A1 (sg13cmos5l_a22oi_1)
     1    0.015493    0.280324    0.228672    3.441740 v _06838_/Y (sg13cmos5l_a22oi_1)
                                                         _02196_ (net)
                      0.280325    0.001148    3.442887 v fanout671/A (sg13cmos5l_buf_8)
     7    0.087191    0.087077    0.257620    3.700507 v fanout671/X (sg13cmos5l_buf_8)
                                                         net671 (net)
                      0.097453    0.024238    3.724745 v _06850_/B (sg13cmos5l_or2_1)
     3    0.011106    0.081393    0.223664    3.948408 v _06850_/X (sg13cmos5l_or2_1)
                                                         _02208_ (net)
                      0.081393    0.000317    3.948725 v _06853_/B1 (sg13cmos5l_a221oi_1)
     2    0.011136    0.312380    0.327940    4.276665 ^ _06853_/Y (sg13cmos5l_a221oi_1)
                                                         _02211_ (net)
                      0.312380    0.000984    4.277649 ^ _06854_/C (sg13cmos5l_or3_2)
     5    0.028523    0.113778    0.322660    4.600309 ^ _06854_/X (sg13cmos5l_or3_2)
                                                         _02212_ (net)
                      0.113798    0.001585    4.601893 ^ rebuffer1511/A (sg13cmos5l_buf_2)
     2    0.009526    0.050205    0.163810    4.765704 ^ rebuffer1511/X (sg13cmos5l_buf_2)
                                                         net1511 (net)
                      0.050207    0.000544    4.766248 ^ _06871_/A (sg13cmos5l_nand3_1)
     3    0.011939    0.214253    0.200723    4.966970 v _06871_/Y (sg13cmos5l_nand3_1)
                                                         _02229_ (net)
                      0.214253    0.000667    4.967637 v _06877_/A2 (sg13cmos5l_a22oi_1)
     1    0.004530    0.210735    0.211304    5.178941 ^ _06877_/Y (sg13cmos5l_a22oi_1)
                                                         _02235_ (net)
                      0.210735    0.000344    5.179286 ^ _06878_/B1 (sg13cmos5l_o21ai_1)
     2    0.010442    0.145661    0.189540    5.368826 v _06878_/Y (sg13cmos5l_o21ai_1)
                                                         _02236_ (net)
                      0.145662    0.000722    5.369548 v _06889_/B1 (sg13cmos5l_a221oi_1)
     1    0.030856    0.675273    0.644225    6.013773 ^ _06889_/Y (sg13cmos5l_a221oi_1)
                                                         _02247_ (net)
                      0.675298    0.003628    6.017401 ^ wire263/A (sg13cmos5l_buf_8)
     2    0.049194    0.083643    0.335556    6.352957 ^ wire263/X (sg13cmos5l_buf_8)
                                                         net263 (net)
                      0.084089    0.006816    6.359773 ^ rebuffer1512/A (sg13cmos5l_buf_2)
     3    0.030109    0.109603    0.198469    6.558243 ^ rebuffer1512/X (sg13cmos5l_buf_2)
                                                         net1512 (net)
                      0.109800    0.003521    6.561763 ^ _06896_/B (sg13cmos5l_or3_1)
     4    0.024284    0.164004    0.266299    6.828063 ^ _06896_/X (sg13cmos5l_or3_1)
                                                         _02254_ (net)
                      0.164013    0.001468    6.829531 ^ fanout256/A (sg13cmos5l_buf_4)
     8    0.055400    0.110819    0.268776    7.098307 ^ fanout256/X (sg13cmos5l_buf_4)
                                                         net256 (net)
                      0.110837    0.001562    7.099869 ^ _06921_/A1 (sg13cmos5l_a21o_1)
     1    0.005305    0.063022    0.202586    7.302455 ^ _06921_/X (sg13cmos5l_a21o_1)
                                                         _02279_ (net)
                      0.063035    0.000526    7.302981 ^ fanout216/A (sg13cmos5l_buf_2)
     4    0.049830    0.167383    0.233728    7.536709 ^ fanout216/X (sg13cmos5l_buf_2)
                                                         net216 (net)
                      0.167539    0.004416    7.541125 ^ fanout215/A (sg13cmos5l_buf_8)
     8    0.086392    0.089621    0.214813    7.755939 ^ fanout215/X (sg13cmos5l_buf_8)
                                                         net215 (net)
                      0.089634    0.000405    7.756343 ^ fanout214/A (sg13cmos5l_buf_4)
     8    0.101237    0.173689    0.284938    8.041282 ^ fanout214/X (sg13cmos5l_buf_4)
                                                         net214 (net)
                      0.174720    0.011311    8.052592 ^ _07242_/S0 (sg13cmos5l_mux4_1)
     4    0.020308    0.153128    0.523182    8.575775 v _07242_/X (sg13cmos5l_mux4_1)
                                                         _02600_ (net)
                      0.153139    0.001337    8.577111 v _07260_/A1 (sg13cmos5l_mux2_1)
     1    0.003786    0.061780    0.232135    8.809247 v _07260_/X (sg13cmos5l_mux2_1)
                                                         _02618_ (net)
                      0.061780    0.000154    8.809401 v _07317_/A2 (sg13cmos5l_a21oi_1)
     1    0.004230    0.163974    0.136435    8.945835 ^ _07317_/Y (sg13cmos5l_a21oi_1)
                                                         _02675_ (net)
                      0.163975    0.000322    8.946157 ^ _07319_/B1 (sg13cmos5l_a221oi_1)
     3    0.020287    0.300979    0.293475    9.239634 v _07319_/Y (sg13cmos5l_a221oi_1)
                                                         _02677_ (net)
                      0.300985    0.001975    9.241609 v _07327_/A (sg13cmos5l_nor3_2)
     1    0.029356    0.338270    0.415802    9.657411 ^ _07327_/Y (sg13cmos5l_nor3_2)
                                                         _02685_ (net)
                      0.338299    0.002744    9.660154 ^ _07329_/B (sg13cmos5l_xnor2_1)
     1    0.012171    0.164299    0.274295    9.934450 v _07329_/Y (sg13cmos5l_xnor2_1)
                                                         _02687_ (net)
                      0.164303    0.001044    9.935493 v _07333_/B1 (sg13cmos5l_a22oi_1)
     1    0.004869    0.137162    0.190198   10.125691 ^ _07333_/Y (sg13cmos5l_a22oi_1)
                                                         _02691_ (net)
                      0.137162    0.000204   10.125896 ^ _07334_/B (sg13cmos5l_and2_1)
     1    0.005457    0.057880    0.192935   10.318831 ^ _07334_/X (sg13cmos5l_and2_1)
                                                         _02692_ (net)
                      0.057881    0.000373   10.319204 ^ _07335_/A (sg13cmos5l_nand3_1)
     1    0.035516    0.507070    0.449704   10.768909 v _07335_/Y (sg13cmos5l_nand3_1)
                                                         _02693_ (net)
                      0.507142    0.005357   10.774266 v _07336_/B (sg13cmos5l_xnor2_1)
     1    0.004630    0.168185    0.295719   11.069985 v _07336_/Y (sg13cmos5l_xnor2_1)
                                                         _02694_ (net)
                      0.168185    0.000345   11.070330 v _07386_/A2 (sg13cmos5l_o21ai_1)
     2    0.023338    0.390177    0.415173   11.485502 ^ _07386_/Y (sg13cmos5l_o21ai_1)
                                                         _02744_ (net)
                      0.390203    0.002723   11.488226 ^ fanout132/A (sg13cmos5l_buf_8)
     8    0.043715    0.068522    0.265020   11.753245 ^ fanout132/X (sg13cmos5l_buf_8)
                                                         net132 (net)
                      0.068832    0.005315   11.758561 ^ _07400_/B1 (sg13cmos5l_a21o_1)
     1    0.003966    0.049372    0.125817   11.884377 ^ _07400_/X (sg13cmos5l_a21o_1)
                                                         _02758_ (net)
                      0.049372    0.000313   11.884690 ^ _07488_/B2 (sg13cmos5l_a22oi_1)
     2    0.024739    0.294940    0.241528   12.126218 v _07488_/Y (sg13cmos5l_a22oi_1)
                                                         _02846_ (net)
                      0.295087    0.003014   12.129232 v _07490_/A2 (sg13cmos5l_o21ai_1)
     1    0.020385    0.371324    0.440285   12.569517 ^ _07490_/Y (sg13cmos5l_o21ai_1)
                                                         u_host.g_rd[0].g_l1[0].u_m.s[0] (net)
                      0.371328    0.001886   12.571403 ^ fanout131/A (sg13cmos5l_buf_8)
     6    0.170277    0.161302    0.333118   12.904520 ^ fanout131/X (sg13cmos5l_buf_8)
                                                         net131 (net)
                      0.161406    0.003820   12.908340 ^ fanout108/A (sg13cmos5l_buf_1)
     4    0.035667    0.233730    0.309338   13.217679 ^ fanout108/X (sg13cmos5l_buf_1)
                                                         net108 (net)
                      0.233819    0.001700   13.219378 ^ fanout107/A (sg13cmos5l_buf_4)
     5    0.072226    0.140426    0.318721   13.538100 ^ fanout107/X (sg13cmos5l_buf_4)
                                                         net107 (net)
                      0.140600    0.004757   13.542857 ^ fanout106/A (sg13cmos5l_buf_2)
     8    0.131400    0.421822    0.455411   13.998268 ^ fanout106/X (sg13cmos5l_buf_2)
                                                         net106 (net)
                      0.422067    0.008918   14.007186 ^ u_host.g_rd[2].g_l1[3].u_m.u_mux4/S0 (sg13cmos5l_mux4_1)
     1    0.026475    0.176883    0.634675   14.641862 v u_host.g_rd[2].g_l1[3].u_m.u_mux4/X (sg13cmos5l_mux4_1)
                                                         u_host.g_rd[2].g_l1[3].u_m.y (net)
                      0.176909    0.002304   14.644165 v u_host.g_rd[2].g_l2[0].u_m.u_mux4/A3 (sg13cmos5l_mux4_1)
     1    0.039697    0.243731    0.556927   15.201093 v u_host.g_rd[2].g_l2[0].u_m.u_mux4/X (sg13cmos5l_mux4_1)
                                                         u_host.g_rd[2].g_l2[0].u_m.y (net)
                      0.243818    0.004588   15.205681 v u_host.g_rd[2].u_l3.u_mux4/A0 (sg13cmos5l_mux4_1)
     2    0.022652    0.177809    0.487320   15.693001 v u_host.g_rd[2].u_l3.u_mux4/X (sg13cmos5l_mux4_1)
                                                         u_host.g_rd[2].u_l3.y (net)
                      0.177828    0.001911   15.694913 v _10904_/A (sg13cmos5l_nor2_1)
     1    0.004241    0.120031    0.153472   15.848385 ^ _10904_/Y (sg13cmos5l_nor2_1)
                                                         _05584_ (net)
                      0.120031    0.000320   15.848704 ^ _10905_/B1 (sg13cmos5l_a21oi_1)
     1    0.005279    0.109539    0.091481   15.940185 v _10905_/Y (sg13cmos5l_a21oi_1)
                                                         _00766_ (net)
                      0.109539    0.000318   15.940503 v _12545_/D (sg13cmos5l_dfrbpq_1)
                                             15.940503   data arrival time

                                 20.000000   20.000000   clock clk (rise edge)
                                  0.000000   20.000000   clock source latency
     2    0.096628    0.167783    0.128418   20.128418 ^ clk (in)
                                                         clk (net)
                      0.174323    0.000000   20.128418 ^ clkbuf_0_clk/A (sg13cmos5l_buf_8)
     8    0.178109    0.160780    0.245103   20.373522 ^ clkbuf_0_clk/X (sg13cmos5l_buf_8)
                                                         clknet_0_clk (net)
                      0.163471    0.015936   20.389458 ^ clkbuf_3_3_0_clk/A (sg13cmos5l_buf_8)
     4    0.098095    0.097919    0.199938   20.589396 ^ clkbuf_3_3_0_clk/X (sg13cmos5l_buf_8)
                                                         clknet_3_3_0_clk (net)
                      0.101390    0.013756   20.603151 ^ clkbuf_5_14__f_clk/A (sg13cmos5l_buf_8)
     5    0.099901    0.096494    0.177408   20.780560 ^ clkbuf_5_14__f_clk/X (sg13cmos5l_buf_8)
                                                         clknet_5_14__leaf_clk (net)
                      0.097278    0.006613   20.787174 ^ clkbuf_leaf_49_clk/A (sg13cmos5l_buf_8)
    11    0.063159    0.068672    0.155698   20.942871 ^ clkbuf_leaf_49_clk/X (sg13cmos5l_buf_8)
                                                         clknet_leaf_49_clk (net)
                      0.069168    0.004066   20.946938 ^ _12545_/CLK (sg13cmos5l_dfrbpq_1)
                                 -0.250000   20.696938   clock uncertainty
                                  0.125463   20.822403   clock reconvergence pessimism
                                 -0.202381   20.620022   library setup time
                                             20.620022   data required time
---------------------------------------------------------------------------------------------
                                             20.620022   data required time
                                            -15.940503   data arrival time
---------------------------------------------------------------------------------------------
                                              4.679519   slack (MET)


