Startpoint: _12554_ (rising edge-triggered flip-flop clocked by clk)
Endpoint: _12545_ (rising edge-triggered flip-flop clocked by clk)
Path Group: clk
Path Type: max

Fanout         Cap        Slew       Delay        Time   Description
---------------------------------------------------------------------------------------------
                                  0.000000    0.000000   clock clk (rise edge)
                                  0.000000    0.000000   clock source latency
     2    0.099790    0.111065    0.098182    0.098182 ^ clk (in)
                                                         clk (net)
                      0.122034    0.000000    0.098182 ^ clkbuf_0_clk/A (sg13cmos5l_buf_8)
     8    0.191837    0.107304    0.172839    0.271021 ^ clkbuf_0_clk/X (sg13cmos5l_buf_8)
                                                         clknet_0_clk (net)
                      0.112275    0.018887    0.289908 ^ clkbuf_3_3_0_clk/A (sg13cmos5l_buf_8)
     4    0.104959    0.067280    0.140528    0.430436 ^ clkbuf_3_3_0_clk/X (sg13cmos5l_buf_8)
                                                         clknet_3_3_0_clk (net)
                      0.073022    0.015988    0.446424 ^ clkbuf_5_14__f_clk/A (sg13cmos5l_buf_8)
     5    0.108481    0.067661    0.126878    0.573302 ^ clkbuf_5_14__f_clk/X (sg13cmos5l_buf_8)
                                                         clknet_5_14__leaf_clk (net)
                      0.069024    0.008005    0.581306 ^ clkbuf_leaf_49_clk/A (sg13cmos5l_buf_8)
    11    0.069713    0.048309    0.110353    0.691660 ^ clkbuf_leaf_49_clk/X (sg13cmos5l_buf_8)
                                                         clknet_leaf_49_clk (net)
                      0.048918    0.004451    0.696111 ^ _12554_/CLK (sg13cmos5l_dfrbpq_2)
     2    0.055055    0.093548    0.262267    0.958378 v _12554_/Q (sg13cmos5l_dfrbpq_2)
                                                         u_core.instr[11] (net)
                      0.093659    0.003146    0.961524 v fanout1401/A (sg13cmos5l_buf_4)
     4    0.071599    0.073238    0.145980    1.107503 v fanout1401/X (sg13cmos5l_buf_4)
                                                         net1401 (net)
                      0.078146    0.015404    1.122908 v fanout1399/A (sg13cmos5l_buf_2)
     5    0.057808    0.098590    0.166493    1.289400 v fanout1399/X (sg13cmos5l_buf_2)
                                                         net1399 (net)
                      0.098685    0.002729    1.292129 v fanout1398/A (sg13cmos5l_buf_4)
     8    0.064391    0.067211    0.145452    1.437581 v fanout1398/X (sg13cmos5l_buf_4)
                                                         net1398 (net)
                      0.067543    0.004208    1.441789 v fanout1397/A (sg13cmos5l_buf_2)
     8    0.064205    0.108146    0.168471    1.610260 v fanout1397/X (sg13cmos5l_buf_2)
                                                         net1397 (net)
                      0.108966    0.008046    1.618306 v _06261_/A (sg13cmos5l_inv_4)
     3    0.045681    0.071364    0.078006    1.696312 ^ _06261_/Y (sg13cmos5l_inv_4)
                                                         _01661_ (net)
                      0.071954    0.005654    1.701966 ^ fanout782/A (sg13cmos5l_buf_4)
     8    0.075916    0.094887    0.153159    1.855126 ^ fanout782/X (sg13cmos5l_buf_4)
                                                         net782 (net)
                      0.104819    0.024578    1.879704 ^ fanout781/A (sg13cmos5l_buf_4)
     8    0.059588    0.076304    0.169681    2.049385 ^ fanout781/X (sg13cmos5l_buf_4)
                                                         net781 (net)
                      0.076385    0.001394    2.050779 ^ _06838_/A1 (sg13cmos5l_a22oi_1)
     1    0.016151    0.180462    0.143816    2.194595 v _06838_/Y (sg13cmos5l_a22oi_1)
                                                         _02196_ (net)
                      0.180468    0.001215    2.195810 v fanout671/A (sg13cmos5l_buf_8)
     7    0.088960    0.055140    0.155682    2.351492 v fanout671/X (sg13cmos5l_buf_8)
                                                         net671 (net)
                      0.070948    0.023648    2.375139 v _06850_/B (sg13cmos5l_or2_1)
     3    0.011824    0.053199    0.145675    2.520815 v _06850_/X (sg13cmos5l_or2_1)
                                                         _02208_ (net)
                      0.053200    0.000338    2.521153 v _06853_/B1 (sg13cmos5l_a221oi_1)
     2    0.011668    0.209018    0.213269    2.734422 ^ _06853_/Y (sg13cmos5l_a221oi_1)
                                                         _02211_ (net)
                      0.209020    0.001037    2.735458 ^ _06854_/C (sg13cmos5l_or3_2)
     5    0.029394    0.075004    0.199399    2.934858 ^ _06854_/X (sg13cmos5l_or3_2)
                                                         _02212_ (net)
                      0.075041    0.001634    2.936491 ^ rebuffer1511/A (sg13cmos5l_buf_2)
     2    0.009892    0.033272    0.101515    3.038006 ^ rebuffer1511/X (sg13cmos5l_buf_2)
                                                         net1511 (net)
                      0.033275    0.000567    3.038573 ^ _06871_/A (sg13cmos5l_nand3_1)
     3    0.012579    0.137029    0.125864    3.164437 v _06871_/Y (sg13cmos5l_nand3_1)
                                                         _02229_ (net)
                      0.137030    0.000693    3.165130 v _06872_/A2 (sg13cmos5l_o21ai_1)
     1    0.004655    0.107184    0.132894    3.298024 ^ _06872_/Y (sg13cmos5l_o21ai_1)
                                                         _02230_ (net)
                      0.107184    0.000368    3.298392 ^ _06878_/A2 (sg13cmos5l_o21ai_1)
     2    0.010899    0.091333    0.117358    3.415750 v _06878_/Y (sg13cmos5l_o21ai_1)
                                                         _02236_ (net)
                      0.091337    0.000760    3.416510 v _06889_/B1 (sg13cmos5l_a221oi_1)
     1    0.031482    0.444435    0.413512    3.830022 ^ _06889_/Y (sg13cmos5l_a221oi_1)
                                                         _02247_ (net)
                      0.444478    0.003752    3.833774 ^ wire263/A (sg13cmos5l_buf_8)
     2    0.049639    0.053378    0.201370    4.035145 ^ wire263/X (sg13cmos5l_buf_8)
                                                         net263 (net)
                      0.054312    0.006860    4.042005 ^ rebuffer1512/A (sg13cmos5l_buf_2)
     3    0.030737    0.072770    0.122938    4.164943 ^ rebuffer1512/X (sg13cmos5l_buf_2)
                                                         net1512 (net)
                      0.073014    0.003594    4.168537 ^ _06896_/B (sg13cmos5l_or3_1)
     4    0.025198    0.109070    0.168196    4.336733 ^ _06896_/X (sg13cmos5l_or3_1)
                                                         _02254_ (net)
                      0.109089    0.001524    4.338256 ^ fanout256/A (sg13cmos5l_buf_4)
     8    0.057282    0.074061    0.170152    4.508409 ^ fanout256/X (sg13cmos5l_buf_4)
                                                         net256 (net)
                      0.074151    0.001620    4.510029 ^ _06921_/A1 (sg13cmos5l_a21o_1)
     1    0.005488    0.041175    0.126347    4.636376 ^ _06921_/X (sg13cmos5l_a21o_1)
                                                         _02279_ (net)
                      0.041177    0.000551    4.636927 ^ fanout216/A (sg13cmos5l_buf_2)
     4    0.050946    0.110759    0.147252    4.784179 ^ fanout216/X (sg13cmos5l_buf_2)
                                                         net216 (net)
                      0.111011    0.004527    4.788706 ^ fanout215/A (sg13cmos5l_buf_8)
     8    0.089275    0.059737    0.133245    4.921951 ^ fanout215/X (sg13cmos5l_buf_8)
                                                         net215 (net)
                      0.059739    0.000426    4.922378 ^ fanout214/A (sg13cmos5l_buf_4)
     8    0.104823    0.116546    0.179625    5.102003 ^ fanout214/X (sg13cmos5l_buf_4)
                                                         net214 (net)
                      0.118212    0.011652    5.113655 ^ _07242_/S0 (sg13cmos5l_mux4_1)
     4    0.021167    0.098853    0.328696    5.442351 v _07242_/X (sg13cmos5l_mux4_1)
                                                         _02600_ (net)
                      0.098874    0.001395    5.443746 v _07260_/A1 (sg13cmos5l_mux2_1)
     1    0.004019    0.039088    0.146539    5.590285 v _07260_/X (sg13cmos5l_mux2_1)
                                                         _02618_ (net)
                      0.039088    0.000164    5.590449 v _07317_/A2 (sg13cmos5l_a21oi_1)
     1    0.004453    0.106844    0.086849    5.677298 ^ _07317_/Y (sg13cmos5l_a21oi_1)
                                                         _02675_ (net)
                      0.106844    0.000342    5.677640 ^ _07319_/B1 (sg13cmos5l_a221oi_1)
     3    0.021278    0.195163    0.185356    5.862996 v _07319_/Y (sg13cmos5l_a221oi_1)
                                                         _02677_ (net)
                      0.195259    0.002096    5.865092 v _07327_/A (sg13cmos5l_nor3_2)
     1    0.029705    0.220924    0.259336    6.124428 ^ _07327_/Y (sg13cmos5l_nor3_2)
                                                         _02685_ (net)
                      0.220972    0.002814    6.127242 ^ _07329_/B (sg13cmos5l_xnor2_1)
     1    0.012364    0.103362    0.162839    6.290081 v _07329_/Y (sg13cmos5l_xnor2_1)
                                                         _02687_ (net)
                      0.103372    0.001064    6.291145 v _07333_/B1 (sg13cmos5l_a22oi_1)
     1    0.005046    0.091326    0.120173    6.411318 ^ _07333_/Y (sg13cmos5l_a22oi_1)
                                                         _02691_ (net)
                      0.091326    0.000214    6.411531 ^ _07334_/B (sg13cmos5l_and2_1)
     1    0.005639    0.037802    0.119678    6.531210 ^ _07334_/X (sg13cmos5l_and2_1)
                                                         _02692_ (net)
                      0.037803    0.000389    6.531600 ^ _07335_/A (sg13cmos5l_nand3_1)
     1    0.035898    0.311711    0.274059    6.805658 v _07335_/Y (sg13cmos5l_nand3_1)
                                                         _02693_ (net)
                      0.311834    0.005454    6.811113 v _07336_/B (sg13cmos5l_xnor2_1)
     1    0.004807    0.109010    0.175980    6.987092 v _07336_/Y (sg13cmos5l_xnor2_1)
                                                         _02694_ (net)
                      0.109010    0.000361    6.987453 v _07386_/A2 (sg13cmos5l_o21ai_1)
     2    0.024125    0.264395    0.274203    7.261656 ^ _07386_/Y (sg13cmos5l_o21ai_1)
                                                         _02744_ (net)
                      0.264436    0.002837    7.264493 ^ fanout132/A (sg13cmos5l_buf_8)
     8    0.045641    0.044884    0.163817    7.428310 ^ fanout132/X (sg13cmos5l_buf_8)
                                                         net132 (net)
                      0.045674    0.005546    7.433856 ^ _07400_/B1 (sg13cmos5l_a21o_1)
     1    0.004201    0.032759    0.077864    7.511720 ^ _07400_/X (sg13cmos5l_a21o_1)
                                                         _02758_ (net)
                      0.032765    0.000333    7.512053 ^ _07488_/B2 (sg13cmos5l_a22oi_1)
     2    0.025133    0.185038    0.148685    7.660738 v _07488_/Y (sg13cmos5l_a22oi_1)
                                                         _02846_ (net)
                      0.185108    0.003069    7.663807 v _07490_/A2 (sg13cmos5l_o21ai_1)
     1    0.021012    0.249921    0.284506    7.948312 ^ _07490_/Y (sg13cmos5l_o21ai_1)
                                                         u_host.g_rd[0].g_l1[0].u_m.s[0] (net)
                      0.250012    0.001957    7.950269 ^ fanout131/A (sg13cmos5l_buf_8)
     6    0.173126    0.106549    0.202459    8.152728 ^ fanout131/X (sg13cmos5l_buf_8)
                                                         net131 (net)
                      0.106703    0.003878    8.156606 ^ fanout108/A (sg13cmos5l_buf_1)
     4    0.036393    0.153533    0.196048    8.352654 ^ fanout108/X (sg13cmos5l_buf_1)
                                                         net108 (net)
                      0.153559    0.001741    8.354394 ^ fanout107/A (sg13cmos5l_buf_4)
     5    0.073953    0.093602    0.199084    8.553478 ^ fanout107/X (sg13cmos5l_buf_4)
                                                         net107 (net)
                      0.093925    0.004859    8.558337 ^ fanout106/A (sg13cmos5l_buf_2)
     8    0.135031    0.280103    0.291698    8.850036 ^ fanout106/X (sg13cmos5l_buf_2)
                                                         net106 (net)
                      0.280495    0.009154    8.859189 ^ u_host.g_rd[2].g_l1[3].u_m.u_mux4/S0 (sg13cmos5l_mux4_1)
     1    0.026688    0.110572    0.391647    9.250836 v u_host.g_rd[2].g_l1[3].u_m.u_mux4/X (sg13cmos5l_mux4_1)
                                                         u_host.g_rd[2].g_l1[3].u_m.y (net)
                      0.110624    0.002333    9.253169 v u_host.g_rd[2].g_l2[0].u_m.u_mux4/A3 (sg13cmos5l_mux4_1)
     1    0.039926    0.151742    0.343784    9.596952 v u_host.g_rd[2].g_l2[0].u_m.u_mux4/X (sg13cmos5l_mux4_1)
                                                         u_host.g_rd[2].g_l2[0].u_m.y (net)
                      0.151900    0.004621    9.601574 v u_host.g_rd[2].u_l3.u_mux4/A0 (sg13cmos5l_mux4_1)
     2    0.022974    0.109135    0.301460    9.903034 v u_host.g_rd[2].u_l3.u_mux4/X (sg13cmos5l_mux4_1)
                                                         u_host.g_rd[2].u_l3.y (net)
                      0.109170    0.001959    9.904994 v _10904_/A (sg13cmos5l_nor2_1)
     1    0.004517    0.077887    0.094171    9.999165 ^ _10904_/Y (sg13cmos5l_nor2_1)
                                                         _05584_ (net)
                      0.077887    0.000344    9.999508 ^ _10905_/B1 (sg13cmos5l_a21oi_1)
     1    0.005368    0.069968    0.055134   10.054642 v _10905_/Y (sg13cmos5l_a21oi_1)
                                                         _00766_ (net)
                      0.069968    0.000326   10.054968 v _12545_/D (sg13cmos5l_dfrbpq_1)
                                             10.054968   data arrival time

                                 20.000000   20.000000   clock clk (rise edge)
                                  0.000000   20.000000   clock source latency
     2    0.097085    0.108420    0.086363   20.086363 ^ clk (in)
                                                         clk (net)
                      0.118590    0.000000   20.086363 ^ clkbuf_0_clk/A (sg13cmos5l_buf_8)
     8    0.181589    0.107320    0.151877   20.238239 ^ clkbuf_0_clk/X (sg13cmos5l_buf_8)
                                                         clknet_0_clk (net)
                      0.111612    0.016044   20.254284 ^ clkbuf_3_3_0_clk/A (sg13cmos5l_buf_8)
     4    0.099834    0.064669    0.125404   20.379688 ^ clkbuf_3_3_0_clk/X (sg13cmos5l_buf_8)
                                                         clknet_3_3_0_clk (net)
                      0.070043    0.013728   20.393415 ^ clkbuf_5_14__f_clk/A (sg13cmos5l_buf_8)
     5    0.102076    0.064351    0.111330   20.504745 ^ clkbuf_5_14__f_clk/X (sg13cmos5l_buf_8)
                                                         clknet_5_14__leaf_clk (net)
                      0.065594    0.006739   20.511484 ^ clkbuf_leaf_49_clk/A (sg13cmos5l_buf_8)
    11    0.064790    0.045567    0.096621   20.608107 ^ clkbuf_leaf_49_clk/X (sg13cmos5l_buf_8)
                                                         clknet_leaf_49_clk (net)
                      0.046255    0.004153   20.612259 ^ _12545_/CLK (sg13cmos5l_dfrbpq_1)
                                 -0.250000   20.362261   clock uncertainty
                                  0.083554   20.445812   clock reconvergence pessimism
                                 -0.123934   20.321880   library setup time
                                             20.321880   data required time
---------------------------------------------------------------------------------------------
                                             20.321880   data required time
                                            -10.054968   data arrival time
---------------------------------------------------------------------------------------------
                                             10.266912   slack (MET)


