Startpoint: _14169_ (rising edge-triggered flip-flop clocked by clk)
Endpoint: _14613_ (recovery check against rising-edge clock clk)
Path Group: asynchronous
Path Type: max
Corner: slow

Fanout      Cap     Slew    Delay     Time   Description
---------------------------------------------------------------------------------
                            0.000    0.000   clock clk (rise edge)
                            0.759    0.759   clock network delay (propagated)
                   0.052    0.000    0.759 ^ _14169_/CLK (sg13g2_dfrbpq_1)
     2    0.009    0.073    0.313    1.072 ^ _14169_/Q (sg13g2_dfrbpq_1)
     3    0.030    0.214    0.762    1.834 ^ hold4723/X (sg13g2_dlygate4sd3_1)
     7    0.064    0.411    0.458    2.292 ^ place3358/X (sg13g2_buf_1)
     7    0.056    0.362    0.483    2.776 ^ place3386/X (sg13g2_buf_1)
     7    0.070    0.446    0.525    3.300 ^ place3392/X (sg13g2_buf_1)
     7    0.081    0.516    0.606    3.906 ^ place3402/X (sg13g2_buf_1)
     8    0.058    0.370    0.512    4.418 ^ place3408/X (sg13g2_buf_1)
     8    0.081    0.516    0.583    5.001 ^ place3409/X (sg13g2_buf_1)
     5    0.030    0.203    0.386    5.387 ^ place3411/X (sg13g2_buf_1)
     8    0.066    0.421    0.461    5.848 ^ place3413/X (sg13g2_buf_1)
                   0.421    0.009    5.856 ^ _14613_/RESET_B (sg13g2_dfrbpq_1)
                                     5.856   data arrival time

                           20.000   20.000   clock clk (rise edge)
                            0.652   20.652   clock network delay (propagated)
                           -0.250   20.402   clock uncertainty
                            0.025   20.427   clock reconvergence pessimism
                                    20.427 ^ _14613_/CLK (sg13g2_dfrbpq_1)
                           -0.356   20.072   library recovery time
                                    20.072   data required time
---------------------------------------------------------------------------------
                                    20.072   data required time
                                    -5.856   data arrival time
---------------------------------------------------------------------------------
                                    14.215   slack (MET)


Startpoint: _14122_ (rising edge-triggered flip-flop clocked by clk)
Endpoint: _14012_ (rising edge-triggered flip-flop clocked by clk)
Path Group: clk
Path Type: max
Corner: slow

Fanout      Cap     Slew    Delay     Time   Description
---------------------------------------------------------------------------------
                            0.000    0.000   clock clk (rise edge)
                            0.737    0.737   clock network delay (propagated)
                   0.050    0.000    0.737 ^ _14122_/CLK (sg13g2_dfrbpq_1)
     7    0.039    0.206    0.425    1.162 v _14122_/Q (sg13g2_dfrbpq_1)
     2    0.008    0.122    0.248    1.409 v _07065_/Y (sg13g2_xnor2_1)
     7    0.088    1.327    1.095    2.504 ^ _07068_/Y (sg13g2_o21ai_1)
     1    0.004    0.210    0.250    2.754 v _07073_/Y (sg13g2_nor2_1)
     2    0.013    0.252    0.307    3.061 ^ _07075_/Y (sg13g2_o21ai_1)
     2    0.016    0.208    0.292    3.353 v _07076_/Y (sg13g2_a21oi_1)
     3    0.017    0.299    0.361    3.714 ^ _07078_/Y (sg13g2_o21ai_1)
     3    0.016    0.120    0.331    4.045 ^ _07080_/X (sg13g2_a21o_1)
     3    0.012    0.191    0.225    4.270 v _07093_/Y (sg13g2_a221oi_1)
     3    0.018    0.292    0.380    4.650 v _07104_/Y (sg13g2_nand3b_1)
     1    0.006    0.165    0.252    4.903 ^ _07107_/Y (sg13g2_a22oi_1)
     1    0.005    0.087    0.145    5.047 v _07108_/Y (sg13g2_o21ai_1)
     1    0.006    0.148    0.159    5.206 ^ _07109_/Y (sg13g2_a22oi_1)
     1    0.006    0.094    0.150    5.357 v _07110_/Y (sg13g2_o21ai_1)
     1    0.010    0.187    0.200    5.557 ^ _07111_/Y (sg13g2_a22oi_1)
     5    0.025    0.270    0.323    5.879 v _07112_/Y (sg13g2_o21ai_1)
     3    0.030    0.646    0.623    6.502 ^ _08287_/Y (sg13g2_nor3_1)
     4    0.036    0.568    0.609    7.111 v _08290_/Y (sg13g2_o21ai_1)
     5    0.030    0.294    0.474    7.584 v _08538_/Y (sg13g2_nand2b_1)
     2    0.009    0.090    0.343    7.927 ^ _08542_/X (sg13g2_mux2_1)
     8    0.073    0.464    0.446    8.374 ^ place2574/X (sg13g2_buf_1)
     2    0.010    0.092    0.348    8.722 ^ _08609_/X (sg13g2_mux2_1)
     2    0.010    0.130    0.104    8.826 v _08610_/Y (sg13g2_nor2_1)
     6    0.060    1.585    1.340   10.166 ^ _08614_/Y (sg13g2_nor4_1)
     5    0.044    0.316    0.615   10.781 ^ _08635_/Y (sg13g2_nand3b_1)
     3    0.015    0.191    0.288   11.069 v _08637_/Y (sg13g2_o21ai_1)
     1    0.014    0.124    0.420   11.488 v _08665_/X (sg13g2_mux4_1)
     2    0.010    0.097    0.389   11.877 v _08734_/X (sg13g2_mux4_1)
     3    0.031    0.698    0.627   12.504 ^ _08736_/Y (sg13g2_a221oi_1)
     3    0.016    0.233    0.349   12.853 v _08739_/Y (sg13g2_nor2_1)
     4    0.026    0.187    0.501   13.354 v _09064_/X (sg13g2_mux4_1)
     3    0.030    0.179    0.386   13.740 v _09174_/X (sg13g2_mux2_1)
     2    0.010    0.120    0.173   13.913 ^ _09179_/Y (sg13g2_nand3_1)
     3    0.052    0.509    0.490   14.402 v _10308_/Y (sg13g2_a21oi_1)
     1    0.006    0.077    0.402   14.805 v _10313_/X (sg13g2_or3_1)
     1    0.007    0.137    0.166   14.971 ^ _10314_/Y (sg13g2_a21oi_1)
     1    0.003    0.071    0.139   15.110 v _10317_/Y (sg13g2_o21ai_1)
     1    0.003    0.057    0.638   15.748 v hold3701/X (sg13g2_dlygate4sd3_1)
                   0.057    0.000   15.748 v _14012_/D (sg13g2_dfrbpq_1)
                                    15.748   data arrival time

                           20.000   20.000   clock clk (rise edge)
                            0.653   20.653   clock network delay (propagated)
                           -0.250   20.403   clock uncertainty
                            0.025   20.427   clock reconvergence pessimism
                                    20.427 ^ _14012_/CLK (sg13g2_dfrbpq_1)
                           -0.185   20.242   library setup time
                                    20.242   data required time
---------------------------------------------------------------------------------
                                    20.242   data required time
                                   -15.748   data arrival time
---------------------------------------------------------------------------------
                                     4.494   slack (MET)


