Startpoint: _14169_ (rising edge-triggered flip-flop clocked by clk)
Endpoint: _14139_ (removal check against rising-edge clock clk)
Path Group: asynchronous
Path Type: min
Corner: fast

Fanout      Cap     Slew    Delay     Time   Description
---------------------------------------------------------------------------------
                            0.000    0.000   clock clk (rise edge)
                            0.292    0.292   clock network delay (propagated)
                   0.021    0.000    0.292 ^ _14169_/CLK (sg13cmos5l_dfrbpq_1)
     2    0.006    0.023    0.110    0.402 ^ _14169_/Q (sg13cmos5l_dfrbpq_1)
     6    0.074    0.198    0.361    0.763 ^ hold4995/X (sg13cmos5l_dlygate4sd3_1)
                   0.198    0.004    0.767 ^ _14139_/RESET_B (sg13cmos5l_dfrbpq_1)
                                     0.767   data arrival time

                            0.000    0.000   clock clk (rise edge)
                            0.336    0.336   clock network delay (propagated)
                            0.250    0.586   clock uncertainty
                           -0.035    0.551   clock reconvergence pessimism
                                     0.551 ^ _14139_/CLK (sg13cmos5l_dfrbpq_1)
                           -0.106    0.444   library removal time
                                     0.444   data required time
---------------------------------------------------------------------------------
                                     0.444   data required time
                                    -0.767   data arrival time
---------------------------------------------------------------------------------
                                     0.322   slack (MET)


Startpoint: _13776_ (rising edge-triggered flip-flop clocked by clk)
Endpoint: _13776_ (rising edge-triggered flip-flop clocked by clk)
Path Group: clk
Path Type: min
Corner: fast

Fanout      Cap     Slew    Delay     Time   Description
---------------------------------------------------------------------------------
                            0.000    0.000   clock clk (rise edge)
                            0.274    0.274   clock network delay (propagated)
                   0.022    0.000    0.274 ^ _13776_/CLK (sg13cmos5l_dfrbpq_1)
     1    0.002    0.012    0.103    0.378 v _13776_/Q (sg13cmos5l_dfrbpq_1)
     2    0.006    0.031    0.240    0.617 v hold3603/X (sg13cmos5l_dlygate4sd3_1)
     1    0.004    0.021    0.025    0.642 ^ _09446_/Y (sg13cmos5l_nand2_1)
     1    0.002    0.018    0.025    0.667 v _09447_/Y (sg13cmos5l_o21ai_1)
                   0.018    0.000    0.667 v _13776_/D (sg13cmos5l_dfrbpq_1)
                                     0.667   data arrival time

                            0.000    0.000   clock clk (rise edge)
                            0.316    0.316   clock network delay (propagated)
                            0.250    0.566   clock uncertainty
                           -0.042    0.524   clock reconvergence pessimism
                                     0.524 ^ _13776_/CLK (sg13cmos5l_dfrbpq_1)
                           -0.021    0.503   library hold time
                                     0.503   data required time
---------------------------------------------------------------------------------
                                     0.503   data required time
                                    -0.667   data arrival time
---------------------------------------------------------------------------------
                                     0.164   slack (MET)


