Startpoint: _14169_ (rising edge-triggered flip-flop clocked by clk)
Endpoint: _14139_ (removal check against rising-edge clock clk)
Path Group: asynchronous
Path Type: min
Corner: typ

Fanout      Cap     Slew    Delay     Time   Description
---------------------------------------------------------------------------------
                            0.000    0.000   clock clk (rise edge)
                            0.431    0.431   clock network delay (propagated)
                   0.031    0.000    0.431 ^ _14169_/CLK (sg13cmos5l_dfrbpq_1)
     2    0.006    0.035    0.168    0.599 ^ _14169_/Q (sg13cmos5l_dfrbpq_1)
     6    0.074    0.306    0.542    1.141 ^ hold4995/X (sg13cmos5l_dlygate4sd3_1)
                   0.306    0.004    1.144 ^ _14139_/RESET_B (sg13cmos5l_dfrbpq_1)
                                     1.144   data arrival time

                            0.000    0.000   clock clk (rise edge)
                            0.497    0.497   clock network delay (propagated)
                            0.250    0.747   clock uncertainty
                           -0.052    0.695   clock reconvergence pessimism
                                     0.695 ^ _14139_/CLK (sg13cmos5l_dfrbpq_1)
                           -0.184    0.511   library removal time
                                     0.511   data required time
---------------------------------------------------------------------------------
                                     0.511   data required time
                                    -1.144   data arrival time
---------------------------------------------------------------------------------
                                     0.634   slack (MET)


Startpoint: _13776_ (rising edge-triggered flip-flop clocked by clk)
Endpoint: _13776_ (rising edge-triggered flip-flop clocked by clk)
Path Group: clk
Path Type: min
Corner: typ

Fanout      Cap     Slew    Delay     Time   Description
---------------------------------------------------------------------------------
                            0.000    0.000   clock clk (rise edge)
                            0.410    0.410   clock network delay (propagated)
                   0.033    0.000    0.410 ^ _13776_/CLK (sg13cmos5l_dfrbpq_1)
     1    0.002    0.017    0.155    0.566 v _13776_/Q (sg13cmos5l_dfrbpq_1)
     2    0.006    0.045    0.357    0.922 v hold3603/X (sg13cmos5l_dlygate4sd3_1)
     1    0.004    0.033    0.039    0.961 ^ _09446_/Y (sg13cmos5l_nand2_1)
     1    0.002    0.026    0.036    0.998 v _09447_/Y (sg13cmos5l_o21ai_1)
                   0.026    0.000    0.998 v _13776_/D (sg13cmos5l_dfrbpq_1)
                                     0.998   data arrival time

                            0.000    0.000   clock clk (rise edge)
                            0.474    0.474   clock network delay (propagated)
                            0.250    0.724   clock uncertainty
                           -0.063    0.660   clock reconvergence pessimism
                                     0.660 ^ _13776_/CLK (sg13cmos5l_dfrbpq_1)
                           -0.033    0.627   library hold time
                                     0.627   data required time
---------------------------------------------------------------------------------
                                     0.627   data required time
                                    -0.998   data arrival time
---------------------------------------------------------------------------------
                                     0.371   slack (MET)


